<html>
<body>
<pre>
<h1>µVision Build Log</h1>
<h2>Tool Versions:</h2>
IDE-Version: •ÏVision V5.23.0.0
Copyright (C) 2017 ARM Ltd and ARM Germany GmbH. All rights reserved.
License Information: lee jay, incheon univ, LIC=----
 
Tool Versions:
Toolchain:       MDK-Lite  Version: 5.23
Toolchain Path:  C:\Keil_v5\ARM\ARMCC\Bin
C Compiler:      Armcc.exe V5.06 update 4 (build 422)
Assembler:       Armasm.exe V5.06 update 4 (build 422)
Linker/Locator:  ArmLink.exe V5.06 update 4 (build 422)
Library Manager: ArmAr.exe V5.06 update 4 (build 422)
Hex Converter:   FromElf.exe V5.06 update 4 (build 422)
CPU DLL:         SARMCM3.DLL V5.23
Dialog DLL:      DARMP1.DLL V1.27.0.0
Target DLL:      UL2CM3.DLL V1.159.7.0
Dialog DLL:      TARMP1.DLL V1.26.0.0
 
<h2>Project:</h2>
C:\Users\LEEJAY\Desktop\cortex M3\Jay\8. LCD\LCD.uvprojx
Project File Date:  08/10/2017

<h2>Output:</h2>
*** Using Compiler 'V5.06 update 4 (build 422)', folder: 'C:\Keil_v5\ARM\ARMCC\Bin'
Build target 'Target 1'
compiling lcd2.c...
lcd.h(153): warning:  #1-D: last line of file ends without a newline
  }
lcd2.c(27): warning:  #177-D: variable "x"  was declared but never referenced
  	int x,y, k = 0;
lcd2.c(27): warning:  #177-D: variable "y"  was declared but never referenced
  	int x,y, k = 0;
lcd2.c(27): warning:  #177-D: variable "k"  was declared but never referenced
  	int x,y, k = 0;
lcd2.c(28): warning:  #177-D: variable "temp"  was declared but never referenced
  int temp = 16;
lcd2.c: 5 warnings, 0 errors
linking...
Program Size: Code=2028 RO-data=236 RW-data=128 ZI-data=608  
".\Objects\LCD.axf" - 0 Error(s), 5 Warning(s).

<h2>Software Packages used:</h2>

Package Vendor: Keil
                http://www.keil.com/pack/Keil.LPC1700_DFP.2.3.0.pack
                Keil::Device:Startup:1.0.0
                NXP LPC1700 Series Device Support, Drivers and Examples for MCB1700 and LPC1788-32
   * Component: Startup Version: 1.0.0

<h2>Collection of Component include folders:</h2>
  .\RTE\_Target_1
  C:\Keil_v5\ARM\PACK\Keil\LPC1700_DFP\2.3.0\Device\Include

<h2>Collection of Component Files used:</h2>

   * Component: Keil::Device:Startup:1.0.0
      Source file:   Device\Source\system_LPC17xx.c
      Include file:  Device\Include\LPC17xx.h
      Source file:   Device\Source\ARM\startup_LPC17xx.s
Build Time Elapsed:  00:00:00
</pre>
</body>
</html>
